'LeanToLambdaBox.erases_correct' depends on axioms: [propext, sorryAx, Classical.choice, Quot.sound]
'LeanToLambdaBox.erases_correct_lb' depends on axioms: [propext, sorryAx, Classical.choice, Quot.sound]
'LeanToLambdaBox.erases_correct_of_steps' depends on axioms: [propext, sorryAx, Classical.choice, Quot.sound]
'LeanToLambdaBox.step_iota' depends on axioms: [propext, sorryAx, Classical.choice, Quot.sound]
'LeanToLambdaBox.step_proj' depends on axioms: [propext, sorryAx, Classical.choice, Quot.sound]
'LeanToLambdaBox.step_delta' depends on axioms: [propext, sorryAx, Classical.choice, Quot.sound]
'LeanToLambdaBox.simulate_of_erases_correct' depends on axioms: [propext, Classical.choice, Quot.sound]
'LeanToLambdaBox.ErasesEnv.runtimeKey_isCasesOn' depends on axioms: [propext, Classical.choice, Quot.sound]
'LeanToLambdaBox.erases_elimSpine_no_value' depends on axioms: [propext, Classical.choice, Quot.sound]
'LeanToLambdaBox.ErasesEnv.ctorArity' depends on axioms: [propext, Classical.choice, Quot.sound]
'LeanToLambdaBox.not_erasable_of_informative' depends on axioms: [propext, sorryAx, Classical.choice, Quot.sound]
'LeanToLambdaBox.CasesOnShape.agree' depends on axioms: [propext, Classical.choice, Quot.sound]
'LeanToLambdaBox.ElimDecl.uniq' depends on axioms: [propext, Quot.sound]
'LeanToLambdaBox.neverZeroB_sound' depends on axioms: [propext, Classical.choice, Quot.sound]
'LeanToLambdaBox.Lower.appReady' depends on axioms: [propext, Quot.sound]
'LeanToLambdaBox.firstorder_erases_deterministic' depends on axioms: [propext, sorryAx, Classical.choice, Quot.sound]
'LeanToLambdaBox.firstorder_no_box' depends on axioms: [propext, sorryAx, Classical.choice, Quot.sound]
'LeanToLambdaBox.fOFields_of_asks' depends on axioms: [propext, sorryAx, Classical.choice, Quot.sound]
'LeanToLambdaBox.LowerBlock.lambda_of_fixLambda' depends on axioms: [propext]
'LeanToLambdaBox.Lower.constToFix' depends on axioms: [propext, Quot.sound]
'LeanToLambdaBox.constants_of_tabled' depends on axioms: [propext, Classical.choice, Quot.sound]
'LeanToLambdaBox.constOrigin_of_constants' depends on axioms: [propext, Classical.choice, Quot.sound]
'LeanToLambdaBox.ErasureSpec.oracle_sound_of_run' depends on axioms: [propext,
 sorryAx,
 Classical.choice,
 Lean4Lean.ptrEqConstantInfo_eq,
 Lean4Lean.ptrEqExpr_eq,
 Quot.sound,
 Lean.Expr.abstractRange_eq,
 Lean.Expr.abstract_eq,
 Lean.Expr.eqv_eq,
 Lean.Expr.hasLooseBVar_eq,
 Lean.Expr.instantiate1_eq,
 Lean.Expr.instantiateRange_eq,
 Lean.Expr.instantiateRevRange_eq,
 Lean.Expr.instantiateRev_eq,
 Lean.Expr.instantiate_eq,
 Lean.Expr.looseBVarRange_eq,
 Lean.Expr.lowerLooseBVars_eq,
 Lean.Expr.mkAppData_eq,
 Lean.Expr.mkData_eq,
 Lean.Expr.replace_eq,
 Lean.Level.hasMVar_eq,
 Lean.Level.hasParam_eq,
 Lean.Level.instLawfulBEqLevel,
 Lean.Level.isExplicitSubsumedAux_eq,
 Lean.Level.normalize_eq,
 Lean.PersistentArray.toList'_push,
 Lean.PersistentHashMap.findAux_isSome,
 Lean.Syntax.structEq_eq,
 Std.TreeMap.all_eq_all_toList,
 Lean.PersistentHashMap.WF.find?_eq,
 Lean.PersistentHashMap.WF.toList'_insert,
 Lean.Expr.mkData_flags._native.bv_decide.ax_1_12✝,
 Lean.Expr.Data.looseBVarRange_le._native.bv_decide.ax_1_7]
'LeanToLambdaBox.visitExpr_refines_erasesLB' depends on axioms: [propext, Classical.choice, Quot.sound]
'LeanToLambdaBox.visitExpr_refines_erasesLBFix' depends on axioms: [propext, Classical.choice, Quot.sound]
'LeanToLambdaBox.shipping_erase_correct_firstorder' depends on axioms: [propext,
 sorryAx,
 Classical.choice,
 Lean4Lean.ptrEqConstantInfo_eq,
 Lean4Lean.ptrEqExpr_eq,
 Quot.sound,
 Lean.Expr.abstractRange_eq,
 Lean.Expr.abstract_eq,
 Lean.Expr.eqv_eq,
 Lean.Expr.hasLooseBVar_eq,
 Lean.Expr.instantiate1_eq,
 Lean.Expr.instantiateRange_eq,
 Lean.Expr.instantiateRevRange_eq,
 Lean.Expr.instantiateRev_eq,
 Lean.Expr.instantiate_eq,
 Lean.Expr.looseBVarRange_eq,
 Lean.Expr.lowerLooseBVars_eq,
 Lean.Expr.mkAppData_eq,
 Lean.Expr.mkData_eq,
 Lean.Expr.replace_eq,
 Lean.Level.hasMVar_eq,
 Lean.Level.hasParam_eq,
 Lean.Level.instLawfulBEqLevel,
 Lean.Level.isExplicitSubsumedAux_eq,
 Lean.Level.normalize_eq,
 Lean.PersistentArray.toList'_push,
 Lean.PersistentHashMap.findAux_isSome,
 Lean.Syntax.structEq_eq,
 Std.TreeMap.all_eq_all_toList,
 Lean.PersistentHashMap.WF.find?_eq,
 Lean.PersistentHashMap.WF.toList'_insert,
 Lean.Expr.mkData_flags._native.bv_decide.ax_1_12✝,
 Lean.Expr.Data.looseBVarRange_le._native.bv_decide.ax_1_7]
'LeanToLambdaBox.Green.green_G1' depends on axioms: [propext,
 sorryAx,
 Classical.choice,
 Lean4Lean.ptrEqConstantInfo_eq,
 Lean4Lean.ptrEqExpr_eq,
 Quot.sound,
 Lean.Expr.abstractRange_eq,
 Lean.Expr.abstract_eq,
 Lean.Expr.eqv_eq,
 Lean.Expr.hasLooseBVar_eq,
 Lean.Expr.instantiate1_eq,
 Lean.Expr.instantiateRange_eq,
 Lean.Expr.instantiateRevRange_eq,
 Lean.Expr.instantiateRev_eq,
 Lean.Expr.instantiate_eq,
 Lean.Expr.looseBVarRange_eq,
 Lean.Expr.lowerLooseBVars_eq,
 Lean.Expr.mkAppData_eq,
 Lean.Expr.mkData_eq,
 Lean.Expr.replace_eq,
 Lean.Level.hasMVar_eq,
 Lean.Level.hasParam_eq,
 Lean.Level.instLawfulBEqLevel,
 Lean.Level.isExplicitSubsumedAux_eq,
 Lean.Level.normalize_eq,
 Lean.PersistentArray.toList'_push,
 Lean.PersistentHashMap.findAux_isSome,
 Lean.Syntax.structEq_eq,
 Std.TreeMap.all_eq_all_toList,
 Lean.PersistentHashMap.WF.find?_eq,
 Lean.PersistentHashMap.WF.toList'_insert,
 Lean.Expr.mkData_flags._native.bv_decide.ax_1_12✝,
 Lean.Expr.Data.looseBVarRange_le._native.bv_decide.ax_1_7]
'LeanToLambdaBox.Green.green_G2' depends on axioms: [propext,
 sorryAx,
 Classical.choice,
 Lean4Lean.ptrEqConstantInfo_eq,
 Lean4Lean.ptrEqExpr_eq,
 Quot.sound,
 Lean.Expr.abstractRange_eq,
 Lean.Expr.abstract_eq,
 Lean.Expr.eqv_eq,
 Lean.Expr.hasLooseBVar_eq,
 Lean.Expr.instantiate1_eq,
 Lean.Expr.instantiateRange_eq,
 Lean.Expr.instantiateRevRange_eq,
 Lean.Expr.instantiateRev_eq,
 Lean.Expr.instantiate_eq,
 Lean.Expr.looseBVarRange_eq,
 Lean.Expr.lowerLooseBVars_eq,
 Lean.Expr.mkAppData_eq,
 Lean.Expr.mkData_eq,
 Lean.Expr.replace_eq,
 Lean.Level.hasMVar_eq,
 Lean.Level.hasParam_eq,
 Lean.Level.instLawfulBEqLevel,
 Lean.Level.isExplicitSubsumedAux_eq,
 Lean.Level.normalize_eq,
 Lean.PersistentArray.toList'_push,
 Lean.PersistentHashMap.findAux_isSome,
 Lean.Syntax.structEq_eq,
 Std.TreeMap.all_eq_all_toList,
 Lean.PersistentHashMap.WF.find?_eq,
 Lean.PersistentHashMap.WF.toList'_insert,
 Lean.Expr.mkData_flags._native.bv_decide.ax_1_12✝,
 Lean.Expr.Data.looseBVarRange_le._native.bv_decide.ax_1_7]
'LeanToLambdaBox.Green.green_G3' depends on axioms: [propext,
 sorryAx,
 Classical.choice,
 Lean4Lean.ptrEqConstantInfo_eq,
 Lean4Lean.ptrEqExpr_eq,
 Quot.sound,
 Lean.Expr.abstractRange_eq,
 Lean.Expr.abstract_eq,
 Lean.Expr.eqv_eq,
 Lean.Expr.hasLooseBVar_eq,
 Lean.Expr.instantiate1_eq,
 Lean.Expr.instantiateRange_eq,
 Lean.Expr.instantiateRevRange_eq,
 Lean.Expr.instantiateRev_eq,
 Lean.Expr.instantiate_eq,
 Lean.Expr.looseBVarRange_eq,
 Lean.Expr.lowerLooseBVars_eq,
 Lean.Expr.mkAppData_eq,
 Lean.Expr.mkData_eq,
 Lean.Expr.replace_eq,
 Lean.Level.hasMVar_eq,
 Lean.Level.hasParam_eq,
 Lean.Level.instLawfulBEqLevel,
 Lean.Level.isExplicitSubsumedAux_eq,
 Lean.Level.normalize_eq,
 Lean.PersistentArray.toList'_push,
 Lean.PersistentHashMap.findAux_isSome,
 Lean.Syntax.structEq_eq,
 Std.TreeMap.all_eq_all_toList,
 Lean.PersistentHashMap.WF.find?_eq,
 Lean.PersistentHashMap.WF.toList'_insert,
 Lean.Expr.mkData_flags._native.bv_decide.ax_1_12✝,
 Lean.Expr.Data.looseBVarRange_le._native.bv_decide.ax_1_7]
'LeanToLambdaBox.Green.green_G4' depends on axioms: [propext,
 sorryAx,
 Classical.choice,
 Lean4Lean.ptrEqConstantInfo_eq,
 Lean4Lean.ptrEqExpr_eq,
 Quot.sound,
 Lean.Expr.abstractRange_eq,
 Lean.Expr.abstract_eq,
 Lean.Expr.eqv_eq,
 Lean.Expr.hasLooseBVar_eq,
 Lean.Expr.instantiate1_eq,
 Lean.Expr.instantiateRange_eq,
 Lean.Expr.instantiateRevRange_eq,
 Lean.Expr.instantiateRev_eq,
 Lean.Expr.instantiate_eq,
 Lean.Expr.looseBVarRange_eq,
 Lean.Expr.lowerLooseBVars_eq,
 Lean.Expr.mkAppData_eq,
 Lean.Expr.mkData_eq,
 Lean.Expr.replace_eq,
 Lean.Level.hasMVar_eq,
 Lean.Level.hasParam_eq,
 Lean.Level.instLawfulBEqLevel,
 Lean.Level.isExplicitSubsumedAux_eq,
 Lean.Level.normalize_eq,
 Lean.PersistentArray.toList'_push,
 Lean.PersistentHashMap.findAux_isSome,
 Lean.Syntax.structEq_eq,
 Std.TreeMap.all_eq_all_toList,
 Lean.PersistentHashMap.WF.find?_eq,
 Lean.PersistentHashMap.WF.toList'_insert,
 Lean.Expr.mkData_flags._native.bv_decide.ax_1_12✝,
 Lean.Expr.Data.looseBVarRange_le._native.bv_decide.ax_1_7]
'LeanToLambdaBox.Green.green_G5' depends on axioms: [propext,
 sorryAx,
 Classical.choice,
 Lean4Lean.ptrEqConstantInfo_eq,
 Lean4Lean.ptrEqExpr_eq,
 Quot.sound,
 Lean.Expr.abstractRange_eq,
 Lean.Expr.abstract_eq,
 Lean.Expr.eqv_eq,
 Lean.Expr.hasLooseBVar_eq,
 Lean.Expr.instantiate1_eq,
 Lean.Expr.instantiateRange_eq,
 Lean.Expr.instantiateRevRange_eq,
 Lean.Expr.instantiateRev_eq,
 Lean.Expr.instantiate_eq,
 Lean.Expr.looseBVarRange_eq,
 Lean.Expr.lowerLooseBVars_eq,
 Lean.Expr.mkAppData_eq,
 Lean.Expr.mkData_eq,
 Lean.Expr.replace_eq,
 Lean.Level.hasMVar_eq,
 Lean.Level.hasParam_eq,
 Lean.Level.instLawfulBEqLevel,
 Lean.Level.isExplicitSubsumedAux_eq,
 Lean.Level.normalize_eq,
 Lean.PersistentArray.toList'_push,
 Lean.PersistentHashMap.findAux_isSome,
 Lean.Syntax.structEq_eq,
 Std.TreeMap.all_eq_all_toList,
 Lean.PersistentHashMap.WF.find?_eq,
 Lean.PersistentHashMap.WF.toList'_insert,
 Lean.Expr.mkData_flags._native.bv_decide.ax_1_12✝,
 Lean.Expr.Data.looseBVarRange_le._native.bv_decide.ax_1_7]
'LeanToLambdaBox.Green.green_G6' depends on axioms: [propext,
 sorryAx,
 Classical.choice,
 Lean4Lean.ptrEqConstantInfo_eq,
 Lean4Lean.ptrEqExpr_eq,
 Quot.sound,
 Lean.Expr.abstractRange_eq,
 Lean.Expr.abstract_eq,
 Lean.Expr.eqv_eq,
 Lean.Expr.hasLooseBVar_eq,
 Lean.Expr.instantiate1_eq,
 Lean.Expr.instantiateRange_eq,
 Lean.Expr.instantiateRevRange_eq,
 Lean.Expr.instantiateRev_eq,
 Lean.Expr.instantiate_eq,
 Lean.Expr.looseBVarRange_eq,
 Lean.Expr.lowerLooseBVars_eq,
 Lean.Expr.mkAppData_eq,
 Lean.Expr.mkData_eq,
 Lean.Expr.replace_eq,
 Lean.Level.hasMVar_eq,
 Lean.Level.hasParam_eq,
 Lean.Level.instLawfulBEqLevel,
 Lean.Level.isExplicitSubsumedAux_eq,
 Lean.Level.normalize_eq,
 Lean.PersistentArray.toList'_push,
 Lean.PersistentHashMap.findAux_isSome,
 Lean.Syntax.structEq_eq,
 Std.TreeMap.all_eq_all_toList,
 Lean.PersistentHashMap.WF.find?_eq,
 Lean.PersistentHashMap.WF.toList'_insert,
 Lean.Expr.mkData_flags._native.bv_decide.ax_1_12✝,
 Lean.Expr.Data.looseBVarRange_le._native.bv_decide.ax_1_7]
'LeanToLambdaBox.Green.g5_seval' depends on axioms: [propext, Classical.choice, Quot.sound]
'LeanToLambdaBox.Green.spikeNatFacts_natEnv' depends on axioms: [propext, Classical.choice, Quot.sound]
'LeanToLambdaBox.SEval.defeq' depends on axioms: [propext, sorryAx, Classical.choice, Quot.sound]
'LeanToLambdaBox.LBOptimize_correct' depends on axioms: [propext, Quot.sound]
'LeanToLambdaBox.lbEval_sound' depends on axioms: [propext]
