'LeanToLambdaBox.erases_correct' depends on axioms: [propext, sorryAx, Classical.choice, Quot.sound]
'LeanToLambdaBox.erases_correct_lb' depends on axioms: [propext, sorryAx, Classical.choice, Quot.sound]
'LeanToLambdaBox.erases_correct_of_steps' depends on axioms: [propext, sorryAx, Classical.choice, Quot.sound]
'LeanToLambdaBox.step_iota_of_elimSpec' depends on axioms: [propext, sorryAx, Classical.choice, Quot.sound]
'LeanToLambdaBox.step_proj_of_projSpec' depends on axioms: [propext, sorryAx, Classical.choice, Quot.sound]
'LeanToLambdaBox.step_delta' depends on axioms: [propext, sorryAx, Classical.choice, Quot.sound]
'LeanToLambdaBox.simulate_of_erases_correct' depends on axioms: [propext, Classical.choice, Quot.sound]
'LeanToLambdaBox.firstorder_erases_deterministic' depends on axioms: [propext, sorryAx, Classical.choice, Quot.sound]
'LeanToLambdaBox.firstorder_no_box' depends on axioms: [propext, sorryAx, Classical.choice, Quot.sound]
'LeanToLambdaBox.LowerBlock.lambda_of_fixLambda' depends on axioms: [propext]
'LeanToLambdaBox.Lower.constToFix' depends on axioms: [propext, Quot.sound]
'LeanToLambdaBox.shipping_erase_correct_firstorder' depends on axioms: [propext, Classical.choice, Quot.sound]
'LeanToLambdaBox.Green.green_G1' depends on axioms: [propext, Classical.choice, Quot.sound]
'LeanToLambdaBox.Green.green_G2' depends on axioms: [propext, Classical.choice, Quot.sound]
'LeanToLambdaBox.Green.green_G3' depends on axioms: [propext, Classical.choice, Quot.sound]
'LeanToLambdaBox.Green.green_G4' depends on axioms: [propext, Classical.choice, Quot.sound]
'LeanToLambdaBox.Green.green_G5' depends on axioms: [propext, Classical.choice, Quot.sound]
'LeanToLambdaBox.Green.green_G6' depends on axioms: [propext, Classical.choice, Quot.sound]
'LeanToLambdaBox.Green.g5_seval' depends on axioms: [propext, Classical.choice, Quot.sound]
'LeanToLambdaBox.Green.spikeNatFacts_natEnv' depends on axioms: [propext, Classical.choice, Quot.sound]
'LeanToLambdaBox.SEval.defeq' depends on axioms: [propext, sorryAx, Classical.choice, Quot.sound]
'LeanToLambdaBox.LBOptimize_correct' depends on axioms: [propext, Quot.sound]
'LeanToLambdaBox.lbEval_sound' depends on axioms: [propext]
