# Axiom footprints of the roots (ROOTS.txt) and of the test theorems (namespace EraseProof.Test).
# One line per declaration: <declaration> <axioms> <sorry labels>
#   <axioms>: its `#print axioms`, comma-separated in the order propext, Classical.choice,
#             Quot.sound, sorryAx; `-` for none.
#   <sorry labels>: the lean4lean `sorry` declarations it reaches (L1-L8, see
#             tools/Report.lean `sorryLabels`), comma-separated; `-` for none.
# proof/scripts/check.sh compares this file with the computed .check/axioms.actual.
EraseProof.TrS.det propext -
EraseProof.TrS.fvarsIn propext,Classical.choice,Quot.sound -
EraseProof.TrS.mono propext -
EraseProof.TrS.weakBV propext,Quot.sound -
EraseProof.TrS.weakFV propext,Classical.choice,Quot.sound -
EraseProof.TrS.wf propext,Quot.sound -
