# Axiom footprints of the roots (ROOTS.txt) and of the test theorems (namespace EraseProof.Test).
# One line per declaration: <declaration> <axioms> <sorry labels>
#   <axioms>: its `#print axioms`, comma-separated in the order propext, Classical.choice,
#             Quot.sound, sorryAx; `-` for none.
#   <sorry labels>: the lean4lean `sorry` declarations it reaches (L1-L8, and TrProj for tests;
#             see tools/Report.lean `sorryLabels`, `testOnlySorryLabels`), comma-separated;
#             `-` for none.
# proof/scripts/check.sh compares this file with the computed .check/axioms.actual.
EraseProof.eraseEntry_pure propext,Classical.choice,Quot.sound -
EraseProof.erasePure_erases propext,Classical.choice,Quot.sound,sorryAx L1,L2,L3,L4,L5
EraseProof.erases_correct propext,Classical.choice,Quot.sound,sorryAx L1,L2,L3,L4,L5,L6
EraseProof.Erases.congr_ac propext,Classical.choice,Quot.sound -
EraseProof.SrcEval.restrict propext,Classical.choice,Quot.sound -
EraseProof.Test.Atoms.defHead_kept propext -
EraseProof.Test.Atoms.levelDependent_kept propext -
EraseProof.Test.Bridge.addConsts_fresh propext,Quot.sound -
EraseProof.Test.Bridge.constants_none_of_le - -
EraseProof.Test.Bridge.foldl_insert_of_forall_ne propext,Classical.choice,Quot.sound -
EraseProof.Test.Bridge.foldl_insert_of_mem propext,Classical.choice,Quot.sound -
EraseProof.Test.Bridge.fresh_of_addConst propext,Quot.sound -
EraseProof.Test.Bridge.insertDefs_hashMap propext,Quot.sound -
EraseProof.Test.Bridge.insert_step propext,Classical.choice,Quot.sound -
EraseProof.Test.Bridge.unsafe_le propext -
EraseProof.Test.D1.atom_A propext -
EraseProof.Test.D1.atom_F propext -
EraseProof.Test.D1.atom_P propext -
EraseProof.Test.D1.atom_hP propext -
EraseProof.Test.D1.e4A propext,Quot.sound -
EraseProof.Test.D1.e4P propext,Quot.sound -
EraseProof.Test.D1.e4hP propext,Quot.sound -
EraseProof.Test.D1.hAty propext,Quot.sound -
EraseProof.Test.D1.hPty propext,Quot.sound -
EraseProof.Test.D1.hPty2 propext,Quot.sound -
EraseProof.Test.D1.hblocks propext,Classical.choice,Quot.sound -
EraseProof.Test.D1.henv propext,Classical.choice,Quot.sound -
EraseProof.Test.D1.hhPty propext,Quot.sound -
EraseProof.Test.D1.hinj propext,Classical.choice,Quot.sound -
EraseProof.Test.D1.hlc propext -
EraseProof.Test.D1.hsub propext -
EraseProof.Test.D1.mem_names propext,Classical.choice,Quot.sound -
EraseProof.Test.LBEval.deterministic propext -
EraseProof.Test.LBEval.headOf_mkApps propext -
EraseProof.Test.LBEval.mkApps_construct_inj propext -
EraseProof.Test.LBEval.mkApps_fix_inj propext -
EraseProof.Test.LBEval.mkApps_inj propext -
EraseProof.Test.LBEval.spineArgs_mkApps propext -
EraseProof.Test.NV1.cnV_ty propext,Quot.sound -
EraseProof.Test.NV1.cn_unfold propext -
EraseProof.Test.NV1.concl propext,Classical.choice,Quot.sound -
EraseProof.Test.NV1.erOne propext,Classical.choice,Quot.sound -
EraseProof.Test.NV1.hAAty propext,Quot.sound -
EraseProof.Test.NV1.hAty propext,Quot.sound -
EraseProof.Test.NV1.hblocks propext,Classical.choice,Quot.sound -
EraseProof.Test.NV1.hdeps propext,Classical.choice,Quot.sound -
EraseProof.Test.NV1.he propext,Quot.sound -
EraseProof.Test.NV1.henv propext,Classical.choice,Quot.sound -
EraseProof.Test.NV1.her propext,Classical.choice,Quot.sound -
EraseProof.Test.NV1.herv propext,Classical.choice,Quot.sound -
EraseProof.Test.NV1.hev propext,Classical.choice,Quot.sound -
EraseProof.Test.NV1.hinj propext,Classical.choice,Quot.sound -
EraseProof.Test.NV1.hlc propext,Classical.choice,Quot.sound -
EraseProof.Test.NV1.hsub propext -
EraseProof.Test.NV1.hview propext -
EraseProof.Test.NV1.inst propext,Classical.choice,Quot.sound,sorryAx L1,L2,L3,L4,L5,L6
EraseProof.Test.NV1.lbev propext,Classical.choice,Quot.sound -
EraseProof.Test.NV1.lookup0 propext,Classical.choice,Quot.sound -
EraseProof.Test.NV1.mem_names propext,Classical.choice,Quot.sound -
EraseProof.Test.NV1.oneWF propext,Quot.sound -
EraseProof.Test.NV1.pCN propext,Classical.choice,Quot.sound -
EraseProof.Test.NV1.trAA propext,Quot.sound -
EraseProof.Test.NV1.trCN propext,Quot.sound -
EraseProof.Test.NV1.trOne propext,Quot.sound -
EraseProof.Test.NV1.venv0_A propext,Quot.sound -
EraseProof.Test.NV1.witness propext,Classical.choice,Quot.sound -
EraseProof.Test.NV2.cn_unfold propext -
EraseProof.Test.NV2.cnatV_ty propext,Quot.sound -
EraseProof.Test.NV2.concl propext,Classical.choice,Quot.sound -
EraseProof.Test.NV2.dblV_ty propext,Quot.sound -
EraseProof.Test.NV2.endoV_ty propext -
EraseProof.Test.NV2.erAlpha propext,Quot.sound -
EraseProof.Test.NV2.erDbl propext,Classical.choice,Quot.sound -
EraseProof.Test.NV2.erSp propext,Classical.choice,Quot.sound -
EraseProof.Test.NV2.erTwo propext,Classical.choice,Quot.sound -
EraseProof.Test.NV2.hblocks propext,Classical.choice,Quot.sound -
EraseProof.Test.NV2.hdeps propext,Classical.choice,Quot.sound -
EraseProof.Test.NV2.he propext,Quot.sound -
EraseProof.Test.NV2.henv propext,Classical.choice,Quot.sound -
EraseProof.Test.NV2.her propext,Classical.choice,Quot.sound -
EraseProof.Test.NV2.herv propext,Classical.choice,Quot.sound -
EraseProof.Test.NV2.hev propext,Classical.choice,Quot.sound -
EraseProof.Test.NV2.hinj propext,Classical.choice,Quot.sound -
EraseProof.Test.NV2.hlc propext,Classical.choice,Quot.sound -
EraseProof.Test.NV2.hsub propext -
EraseProof.Test.NV2.inst propext,Classical.choice,Quot.sound,sorryAx L1,L2,L3,L4,L5,L6
EraseProof.Test.NV2.lbev propext,Classical.choice,Quot.sound -
EraseProof.Test.NV2.lookup2 propext,Classical.choice,Quot.sound -
EraseProof.Test.NV2.m_ty propext -
EraseProof.Test.NV2.mem_names propext,Classical.choice,Quot.sound -
EraseProof.Test.NV2.mα_ty propext -
EraseProof.Test.NV2.mαs_ty propext -
EraseProof.Test.NV2.pCN propext,Classical.choice,Quot.sound -
EraseProof.Test.NV2.pTwo propext,Classical.choice,Quot.sound -
EraseProof.Test.NV2.spV_ty propext -
EraseProof.Test.NV2.ssz_ty propext -
EraseProof.Test.NV2.sz_ty propext -
EraseProof.Test.NV2.trAlpha propext -
EraseProof.Test.NV2.trCnat propext -
EraseProof.Test.NV2.trDbl propext,Quot.sound -
EraseProof.Test.NV2.trEndo propext -
EraseProof.Test.NV2.trSp propext -
EraseProof.Test.NV2.trTwo propext -
EraseProof.Test.NV2.trTy propext -
EraseProof.Test.NV2.twoV_ty propext -
EraseProof.Test.NV2.vCN_ty propext,Quot.sound -
EraseProof.Test.NV2.witness propext,Classical.choice,Quot.sound -
EraseProof.Test.NV2.zV_ty propext -
EraseProof.Test.NV3.addUf propext,Classical.choice,Quot.sound -
EraseProof.Test.NV3.atom_one propext -
EraseProof.Test.NV3.atom_uf propext -
EraseProof.Test.NV3.block_uf propext,Classical.choice,Quot.sound -
EraseProof.Test.NV3.cnArr_ty propext,Quot.sound -
EraseProof.Test.NV3.cnC_ty propext,Quot.sound -
EraseProof.Test.NV3.concl propext,Classical.choice,Quot.sound -
EraseProof.Test.NV3.cunfold propext,Classical.choice,Quot.sound -
EraseProof.Test.NV3.decl_one propext,Classical.choice,Quot.sound -
EraseProof.Test.NV3.decl_uf propext,Classical.choice,Quot.sound -
EraseProof.Test.NV3.deps_defs propext,Classical.choice,Quot.sound -
EraseProof.Test.NV3.envUf0_CN propext,Quot.sound -
EraseProof.Test.NV3.envUf0_uf propext,Quot.sound -
EraseProof.Test.NV3.erUf propext,Classical.choice,Quot.sound -
EraseProof.Test.NV3.find_one propext -
EraseProof.Test.NV3.find_uf propext -
EraseProof.Test.NV3.hblocks propext,Classical.choice,Quot.sound -
EraseProof.Test.NV3.hdeps propext,Classical.choice,Quot.sound -
EraseProof.Test.NV3.he propext,Quot.sound -
EraseProof.Test.NV3.henv propext,Classical.choice,Quot.sound -
EraseProof.Test.NV3.her propext,Classical.choice,Quot.sound -
EraseProof.Test.NV3.herv propext,Classical.choice,Quot.sound -
EraseProof.Test.NV3.hev propext,Classical.choice,Quot.sound -
EraseProof.Test.NV3.hinj propext,Classical.choice,Quot.sound -
EraseProof.Test.NV3.hlc propext,Classical.choice,Quot.sound -
EraseProof.Test.NV3.hsub propext -
EraseProof.Test.NV3.inst propext,Classical.choice,Quot.sound,sorryAx L1,L2,L3,L4,L5,L6
EraseProof.Test.NV3.kfun_ty propext,Quot.sound -
EraseProof.Test.NV3.lbev propext,Classical.choice,Quot.sound -
EraseProof.Test.NV3.look_A propext,Classical.choice,Quot.sound -
EraseProof.Test.NV3.look_CN propext,Classical.choice,Quot.sound -
EraseProof.Test.NV3.look_cases propext,Classical.choice,Quot.sound -
EraseProof.Test.NV3.look_one propext,Classical.choice,Quot.sound -
EraseProof.Test.NV3.look_uf propext,Classical.choice,Quot.sound -
EraseProof.Test.NV3.mem_names propext,Classical.choice,Quot.sound -
EraseProof.Test.NV3.one_ty propext,Quot.sound -
EraseProof.Test.NV3.recIn_uf propext,Classical.choice,Quot.sound -
EraseProof.Test.NV3.rec_one propext,Classical.choice,Quot.sound -
EraseProof.Test.NV3.rec_uf propext,Classical.choice,Quot.sound -
EraseProof.Test.NV3.substl_ufL propext,Classical.choice,Quot.sound -
EraseProof.Test.NV3.trCNc propext -
EraseProof.Test.NV3.trCnArr propext,Quot.sound -
EraseProof.Test.NV3.trUfE propext,Quot.sound -
EraseProof.Test.NV3.ufV_ty propext,Quot.sound -
EraseProof.Test.NV3.uf_ty propext,Quot.sound -
EraseProof.Test.NV3.unfold_one propext -
EraseProof.Test.NV3.unfold_uf propext -
EraseProof.Test.NV3.venv3_A propext,Quot.sound -
EraseProof.Test.NV3.venv3_CN propext,Quot.sound -
EraseProof.Test.NV3.venv3_one propext,Quot.sound -
EraseProof.Test.NV3.venv3_uf propext,Quot.sound -
EraseProof.Test.NV3.witness propext,Classical.choice,Quot.sound -
EraseProof.Test.NV3.yfun_ty propext,Quot.sound -
EraseProof.Test.NV4.addBlk propext,Quot.sound -
EraseProof.Test.NV4.atom_bfalse propext -
EraseProof.Test.NV4.atom_btrue propext -
EraseProof.Test.NV4.atom_csucc propext -
EraseProof.Test.NV4.atom_one propext -
EraseProof.Test.NV4.atom_ua propext -
EraseProof.Test.NV4.atom_ub propext -
EraseProof.Test.NV4.b_ty propext -
EraseProof.Test.NV4.bfalseV_ty propext -
EraseProof.Test.NV4.block4 propext,Classical.choice,Quot.sound -
EraseProof.Test.NV4.btrueV_ty propext -
EraseProof.Test.NV4.bα_ty propext,Quot.sound -
EraseProof.Test.NV4.bαi_ty propext,Quot.sound -
EraseProof.Test.NV4.bαig_ty propext,Quot.sound -
EraseProof.Test.NV4.callBody_ty propext,Quot.sound -
EraseProof.Test.NV4.callV_ty propext,Quot.sound -
EraseProof.Test.NV4.cbV_ty propext,Quot.sound -
EraseProof.Test.NV4.cb_unfold propext -
EraseProof.Test.NV4.cbt_ty propext,Quot.sound -
EraseProof.Test.NV4.cn0_ty propext,Quot.sound -
EraseProof.Test.NV4.cnArrV_ty propext,Quot.sound -
EraseProof.Test.NV4.cnV_level propext,Quot.sound -
EraseProof.Test.NV4.cnV_ty propext,Quot.sound -
EraseProof.Test.NV4.cn_unfold propext,Quot.sound -
EraseProof.Test.NV4.concl propext,Classical.choice,Quot.sound -
EraseProof.Test.NV4.csm_ty propext,Quot.sound -
EraseProof.Test.NV4.csucc0_ty propext,Quot.sound -
EraseProof.Test.NV4.csuccV_ty propext,Quot.sound -
EraseProof.Test.NV4.cunfold_ua propext,Classical.choice,Quot.sound -
EraseProof.Test.NV4.cunfold_ub propext,Classical.choice,Quot.sound -
EraseProof.Test.NV4.decl_ua propext,Classical.choice,Quot.sound -
EraseProof.Test.NV4.decl_ub propext,Classical.choice,Quot.sound -
EraseProof.Test.NV4.deps_btrue propext,Classical.choice,Quot.sound -
EraseProof.Test.NV4.deps_csucc propext,Classical.choice,Quot.sound -
EraseProof.Test.NV4.deps_defs propext,Classical.choice,Quot.sound -
EraseProof.Test.NV4.deps_memberL propext,Classical.choice,Quot.sound -
EraseProof.Test.NV4.deps_ua propext,Classical.choice,Quot.sound -
EraseProof.Test.NV4.endoV_ty propext -
EraseProof.Test.NV4.envBlk_dCB propext,Quot.sound -
EraseProof.Test.NV4.erAlpha propext,Quot.sound -
EraseProof.Test.NV4.erBfalse propext,Classical.choice,Quot.sound -
EraseProof.Test.NV4.erBtrue propext,Classical.choice,Quot.sound -
EraseProof.Test.NV4.erCnArr propext,Quot.sound -
EraseProof.Test.NV4.erCsucc propext,Classical.choice,Quot.sound -
EraseProof.Test.NV4.erMember propext,Classical.choice,Quot.sound -
EraseProof.Test.NV4.erOne propext,Classical.choice,Quot.sound -
EraseProof.Test.NV4.erSuccBody propext,Classical.choice,Quot.sound -
EraseProof.Test.NV4.ev_bfalse propext,Classical.choice,Quot.sound -
EraseProof.Test.NV4.ev_btrue propext,Classical.choice,Quot.sound -
EraseProof.Test.NV4.ev_csucc propext,Classical.choice,Quot.sound -
EraseProof.Test.NV4.ev_one0 propext,Classical.choice,Quot.sound -
EraseProof.Test.NV4.ev_sel_false propext,Classical.choice,Quot.sound -
EraseProof.Test.NV4.ev_sel_true propext,Classical.choice,Quot.sound -
EraseProof.Test.NV4.ev_ua_bfalse propext,Classical.choice,Quot.sound -
EraseProof.Test.NV4.ev_ub_btrue propext,Classical.choice,Quot.sound -
EraseProof.Test.NV4.ev_ub_call propext,Classical.choice,Quot.sound -
EraseProof.Test.NV4.hblocks propext,Classical.choice,Quot.sound -
EraseProof.Test.NV4.hdeps propext,Classical.choice,Quot.sound -
EraseProof.Test.NV4.he propext,Quot.sound -
EraseProof.Test.NV4.henv propext,Classical.choice,Quot.sound -
EraseProof.Test.NV4.her propext,Classical.choice,Quot.sound -
EraseProof.Test.NV4.herv propext,Classical.choice,Quot.sound -
EraseProof.Test.NV4.hev propext,Classical.choice,Quot.sound -
EraseProof.Test.NV4.hinj propext,Classical.choice,Quot.sound -
EraseProof.Test.NV4.hlc propext,Classical.choice,Quot.sound -
EraseProof.Test.NV4.hsub propext -
EraseProof.Test.NV4.idV_ty propext,Quot.sound -
EraseProof.Test.NV4.inst propext,Classical.choice,Quot.sound,sorryAx L1,L2,L3,L4,L5,L6
EraseProof.Test.NV4.lb_csucc propext,Classical.choice,Quot.sound -
EraseProof.Test.NV4.lb_sel_false propext,Classical.choice,Quot.sound -
EraseProof.Test.NV4.lb_sel_true propext,Classical.choice,Quot.sound -
EraseProof.Test.NV4.lb_ua_bfalse propext,Classical.choice,Quot.sound -
EraseProof.Test.NV4.lb_ub_btrue propext,Classical.choice,Quot.sound -
EraseProof.Test.NV4.lbev propext,Classical.choice,Quot.sound -
EraseProof.Test.NV4.look_CB propext,Classical.choice,Quot.sound -
EraseProof.Test.NV4.look_CN propext,Classical.choice,Quot.sound -
EraseProof.Test.NV4.look_bfalse propext,Classical.choice,Quot.sound -
EraseProof.Test.NV4.look_btrue propext,Classical.choice,Quot.sound -
EraseProof.Test.NV4.look_cases propext,Classical.choice,Quot.sound -
EraseProof.Test.NV4.look_csucc propext,Classical.choice,Quot.sound -
EraseProof.Test.NV4.look_one propext,Classical.choice,Quot.sound -
EraseProof.Test.NV4.look_ua propext,Classical.choice,Quot.sound -
EraseProof.Test.NV4.look_ub propext,Classical.choice,Quot.sound -
EraseProof.Test.NV4.lookupConst_cons propext -
EraseProof.Test.NV4.mem_names propext,Classical.choice,Quot.sound -
EraseProof.Test.NV4.memberTyV_ty propext,Quot.sound -
EraseProof.Test.NV4.memberV_ty propext,Quot.sound -
EraseProof.Test.NV4.n_ty propext,Quot.sound -
EraseProof.Test.NV4.nα_ty propext,Quot.sound -
EraseProof.Test.NV4.nαs_ty propext,Quot.sound -
EraseProof.Test.NV4.nαsz_ty propext,Quot.sound -
EraseProof.Test.NV4.oneV_ty propext -
EraseProof.Test.NV4.pBfalse propext,Classical.choice,Quot.sound -
EraseProof.Test.NV4.pBtrue propext,Classical.choice,Quot.sound -
EraseProof.Test.NV4.pCB propext,Classical.choice,Quot.sound -
EraseProof.Test.NV4.pCN propext,Classical.choice,Quot.sound -
EraseProof.Test.NV4.pCsucc propext,Classical.choice,Quot.sound -
EraseProof.Test.NV4.pOne propext,Classical.choice,Quot.sound -
EraseProof.Test.NV4.recIn_ua propext,Classical.choice,Quot.sound -
EraseProof.Test.NV4.recIn_ub propext,Classical.choice,Quot.sound -
EraseProof.Test.NV4.rec_ua propext,Classical.choice,Quot.sound -
EraseProof.Test.NV4.rec_ub propext,Classical.choice,Quot.sound -
EraseProof.Test.NV4.selV_ty propext,Quot.sound -
EraseProof.Test.NV4.sz_ty propext -
EraseProof.Test.NV4.trAlpha propext -
EraseProof.Test.NV4.trBfalse propext -
EraseProof.Test.NV4.trBtrue propext -
EraseProof.Test.NV4.trCb propext -
EraseProof.Test.NV4.trCn propext -
EraseProof.Test.NV4.trCn0 propext -
EraseProof.Test.NV4.trCnArr propext,Quot.sound -
EraseProof.Test.NV4.trCsucc propext,Quot.sound -
EraseProof.Test.NV4.trEndo propext -
EraseProof.Test.NV4.trMember propext,Quot.sound -
EraseProof.Test.NV4.trMemberTy propext,Quot.sound -
EraseProof.Test.NV4.trOne propext -
EraseProof.Test.NV4.ua_bfalse_ty propext,Quot.sound -
EraseProof.Test.NV4.unfold_ua propext -
EraseProof.Test.NV4.unfold_ub propext -
EraseProof.Test.NV4.vcb_ty propext,Quot.sound -
EraseProof.Test.NV4.vcn_ty propext,Quot.sound -
EraseProof.Test.NV4.vu_wf - -
EraseProof.Test.NV4.witness propext,Classical.choice,Quot.sound -
EraseProof.Test.NV4.zV_ty propext -
EraseProof.Test.NV5.concl propext,Classical.choice,Quot.sound -
EraseProof.Test.NV5.hdeps propext,Classical.choice,Quot.sound -
EraseProof.Test.NV5.he propext,Quot.sound -
EraseProof.Test.NV5.her propext,Classical.choice,Quot.sound -
EraseProof.Test.NV5.hev propext,Classical.choice,Quot.sound -
EraseProof.Test.NV5.idV_ty propext,Quot.sound -
EraseProof.Test.NV5.inst propext,Classical.choice,Quot.sound,sorryAx L1,L2,L3,L4,L5,L6
EraseProof.Test.NV5.witness propext,Classical.choice,Quot.sound -
EraseProof.Test.NV6.concl propext,Classical.choice,Quot.sound -
EraseProof.Test.NV6.hP_not_const propext,Classical.choice,Quot.sound -
EraseProof.Test.NV6.hdeps propext,Classical.choice,Quot.sound -
EraseProof.Test.NV6.he propext,Quot.sound -
EraseProof.Test.NV6.her propext,Classical.choice,Quot.sound -
EraseProof.Test.NV6.hev propext,Classical.choice,Quot.sound -
EraseProof.Test.NV6.inst propext,Classical.choice,Quot.sound,sorryAx L1,L2,L3,L4,L5,L6
EraseProof.Test.NV6.kV_ty propext,Quot.sound -
EraseProof.Test.NV6.witness propext,Classical.choice,Quot.sound -
EraseProof.Test.NV7.atom_hp propext -
EraseProof.Test.NV7.concl propext,Classical.choice,Quot.sound -
EraseProof.Test.NV7.e3A propext,Quot.sound -
EraseProof.Test.NV7.e3P propext,Quot.sound -
EraseProof.Test.NV7.e3hp propext,Quot.sound -
EraseProof.Test.NV7.fV_ty propext,Quot.sound -
EraseProof.Test.NV7.hAty propext,Quot.sound -
EraseProof.Test.NV7.hP0ty propext,Quot.sound -
EraseProof.Test.NV7.hblocks propext,Classical.choice,Quot.sound -
EraseProof.Test.NV7.hdeps propext,Classical.choice,Quot.sound -
EraseProof.Test.NV7.he propext,Quot.sound -
EraseProof.Test.NV7.henv propext,Classical.choice,Quot.sound -
EraseProof.Test.NV7.her propext,Classical.choice,Quot.sound -
EraseProof.Test.NV7.hev propext,Classical.choice,Quot.sound -
EraseProof.Test.NV7.hhpty propext,Quot.sound -
EraseProof.Test.NV7.hinj propext,Classical.choice,Quot.sound -
EraseProof.Test.NV7.hlc propext -
EraseProof.Test.NV7.hsub propext -
EraseProof.Test.NV7.inst propext,Classical.choice,Quot.sound,sorryAx L1,L2,L3,L4,L5,L6
EraseProof.Test.NV7.mem_names propext,Classical.choice,Quot.sound -
EraseProof.Test.NV7.oracle_hp propext -
EraseProof.Test.NV7.witness propext,Classical.choice,Quot.sound -
EraseProof.Test.Oracle.irreducibleAlias propext -
EraseProof.Test.Oracle.ok_of_toOption propext -
EraseProof.Test.Oracle.oracle_A propext -
EraseProof.Test.Oracle.oracle_hP propext -
EraseProof.Test.Oracle.sound_A propext,Classical.choice,Quot.sound,sorryAx L1,L2,L3,L4,L5
EraseProof.Test.Oracle.sound_hP propext,Classical.choice,Quot.sound,sorryAx L1,L2,L3,L4,L5
EraseProof.Test.ProgEnv.toTrEnv' propext,Classical.choice,Quot.sound,sorryAx L1,TrProj
EraseProof.Test.TrS.toTrExprS propext,Classical.choice,Quot.sound,sorryAx TrProj
EraseProof.Test.Bridge.ProgEnv.toTrEnv'_hashMap propext,Classical.choice,Quot.sound,sorryAx L1,TrProj
EraseProof.Test.Bridge.TrConst.toTrConstant propext,Classical.choice,Quot.sound,sorryAx TrProj
EraseProof.Test.Bridge.TrDef.toTrDefVal propext,Classical.choice,Quot.sound,sorryAx TrProj
